dave@RUPC:~/DjangoProjects/dj_rest_framework$ mkdir tutorial
dave@RUPC:~/DjangoProjects/dj_rest_framework$ cd tutorial
dave@RUPC:~/DjangoProjects/dj_rest_framework/tutorial$ conda create -n tutenv
Fetching package metadata .............
Solving package specifications: 
Package plan for installation in environment /home/dave/anaconda3/envs/tutenv:

Proceed ([y]/n)? y

#
# To activate this environment, use:
# > source activate tutenv
#
# To deactivate an active environment, use:
# > source deactivate
#

dave@RUPC:~/DjangoProjects/dj_rest_framework/tutorial$ source activate tutenv
(tutenv) dave@RUPC:~/DjangoProjects/dj_rest_framework/tutorial$ conda list
# packages in environment at /home/dave/anaconda3/envs/tutenv:
#

(tutenv) dave@RUPC:~/DjangoProjects/dj_rest_framework/tutorial$ conda install -c anaconda django
Fetching package metadata ...............
Solving package specifications: .

Package plan for installation in environment /home/dave/anaconda3/envs/tutenv:

The following NEW packages will be INSTALLED:

    ca-certificates: 2017.08.26-h1d4fec5_0    anaconda
    certifi:         2017.11.5-py36hf29ccca_0 anaconda
    django:          1.11.8-py36hd476221_0    anaconda
    libedit:         3.1-heed3624_0           anaconda
    libffi:          3.2.1-hd88cf55_4         anaconda
    libgcc-ng:       7.2.0-h7cc24e2_2         anaconda
    libstdcxx-ng:    7.2.0-h7a57d05_2         anaconda
    ncurses:         6.0-h9df7e31_2           anaconda
    openssl:         1.0.2n-hb7f436b_0        anaconda
    pip:             9.0.1-py36h6c6f9ce_4     anaconda
    python:          3.6.3-h6c0c0dc_5         anaconda
    pytz:            2017.3-py36h63b9c63_0    anaconda
    readline:        7.0-ha6073c6_4           anaconda
    setuptools:      36.5.0-py36he42e2e1_0    anaconda
    sqlite:          3.20.1-hb898158_2        anaconda
    tk:              8.6.7-hc745277_3         anaconda
    wheel:           0.30.0-py36hfd4bba0_1    anaconda
    xz:              5.2.3-h55aa19d_2         anaconda
    zlib:            1.2.11-ha838bed_2        anaconda

Proceed ([y]/n)? y

(tutenv) dave@RUPC:~/DjangoProjects/dj_rest_framework/tutorial$ conda config --add channels conda-forge
Warning: 'conda-forge' already in 'channels' list, moving to the top
(tutenv) dave@RUPC:~/DjangoProjects/dj_rest_framework/tutorial$ conda install djangorestframework
Fetching package metadata .............
Solving package specifications: .

Package plan for installation in environment /home/dave/anaconda3/envs/tutenv:

The following NEW packages will be INSTALLED:

    djangorestframework: 3.7.3-py_0 conda-forge

Proceed ([y]/n)? y

(tutenv) dave@RUPC:~/DjangoProjects/dj_rest_framework/tutorial$ conda list
# packages in environment at /home/dave/anaconda3/envs/tutenv:
#
ca-certificates           2017.08.26           h1d4fec5_0    anaconda
certifi                   2017.11.5        py36hf29ccca_0    anaconda
django                    1.11.8           py36hd476221_0    anaconda
djangorestframework       3.7.3                      py_0    conda-forge
libedit                   3.1                  heed3624_0    anaconda
libffi                    3.2.1                hd88cf55_4    anaconda
libgcc-ng                 7.2.0                h7cc24e2_2    anaconda
libstdcxx-ng              7.2.0                h7a57d05_2    anaconda
ncurses                   6.0                  h9df7e31_2    anaconda
openssl                   1.0.2n               hb7f436b_0    anaconda
pip                       9.0.1            py36h6c6f9ce_4    anaconda
python                    3.6.3                h6c0c0dc_5    anaconda
pytz                      2017.3           py36h63b9c63_0    anaconda
readline                  7.0                  ha6073c6_4    anaconda
setuptools                36.5.0           py36he42e2e1_0    anaconda
sqlite                    3.20.1               hb898158_2    anaconda
tk                        8.6.7                hc745277_3    anaconda
wheel                     0.30.0           py36hfd4bba0_1    anaconda
xz                        5.2.3                h55aa19d_2    anaconda
zlib                      1.2.11               ha838bed_2    anaconda

(tutenv) dave@RUPC:~/DjangoProjects/dj_rest_framework/tutorial$ django-admin.py startproject tutorial .
(tutenv) dave@RUPC:~/DjangoProjects/dj_rest_framework/tutorial$ cd tutorial
(tutenv) dave@RUPC:~/DjangoProjects/dj_rest_framework/tutorial/tutorial$ django-admin.py startapp quickstart
(tutenv) dave@RUPC:~/DjangoProjects/dj_rest_framework/tutorial/tutorial$ cd ..

(tutenv) dave@RUPC:~/DjangoProjects/dj_rest_framework/tutorial$ pwd
/home/dave/DjangoProjects/dj_rest_framework/tutorial
(tutenv) dave@RUPC:~/DjangoProjects/dj_rest_framework/tutorial$ find .
.
./manage.py
./tutorial
./tutorial/settings.py
./tutorial/__init__.py
./tutorial/quickstart
./tutorial/quickstart/tests.py
./tutorial/quickstart/migrations
./tutorial/quickstart/migrations/__init__.py
./tutorial/quickstart/models.py
./tutorial/quickstart/admin.py
./tutorial/quickstart/apps.py
./tutorial/quickstart/__init__.py
./tutorial/quickstart/views.py
./tutorial/urls.py
./tutorial/wsgi.py

(tutenv) dave@RUPC:~/DjangoProjects/dj_rest_framework/tutorial$ python3 manage.py migrate
Operations to perform:
  Apply all migrations: admin, auth, contenttypes, sessions
Running migrations:
  Applying contenttypes.0001_initial... OK
  Applying auth.0001_initial... OK
  Applying admin.0001_initial... OK
  Applying admin.0002_logentry_remove_auto_add... OK
  Applying contenttypes.0002_remove_content_type_name... OK
  Applying auth.0002_alter_permission_name_max_length... OK
  Applying auth.0003_alter_user_email_max_length... OK
  Applying auth.0004_alter_user_username_opts... OK
  Applying auth.0005_alter_user_last_login_null... OK
  Applying auth.0006_require_contenttypes_0002... OK
  Applying auth.0007_alter_validators_add_error_messages... OK
  Applying auth.0008_alter_user_username_max_length... OK
  Applying sessions.0001_initial... OK

(tutenv) dave@RUPC:~/DjangoProjects/dj_rest_framework/tutorial$ python3 manage.py createsuperuser
Username (leave blank to use 'dave'): admin
Email address: abc@123.com
Password: blahblahblah
Password (again): 
Superuser created successfully.


#out of terminal, into IDE now
#serializers.py file:
from django.contrib.auth.models import User, Group
from rest_framework import serializers

class UserSerializer(serializers.HyperlinkedModelSerializer):
	class Meta:
		model = User
		fields = ('url', 'username', 'email', 'groups')

class GroupSerializer(serializers.HyperlinkedModelSerializer):
	class Meta:
		model = Group
		fields = ('url', 'name')

#now open views.py and fill in:
from django.shortcuts import render
from django.contrib.auth.models import User, Group
from rest_framework import viewsets
from tutorial.quickstart.serializers import UserSerializer, GroupSerializer

# views here:

#API endpoint to allow editing and viewing of Users
class UserViewSet(viewset.ModelViewSet):
	queryset = User.objects.all().order_by('-date_joined')
	serializer_class = UserSerializer

#API endpoint to allow editing and viewing of Groups
class GroupViewSet(viewset.ModelViewSet):
	queryset = User.objects.all()
	serializer_class = GroupSerializer




##### old #####
dave@RUPC:~/DjangoProjects/anaconda_testing$ conda create -n myenv

dave@RUPC:~/DjangoProjects/dj_rest_framework/tutorial$ source activate restenv

(restenv) dave@RUPC:~/DjangoProjects/dj_rest_framework/tutorial$ conda install -c anaconda django

(restenv) dave@RUPC:~/DjangoProjects/dj_rest_framework/tutorial$ conda config --add channels conda-forge

(restenv) dave@RUPC:~/DjangoProjects/dj_rest_framework/tutorial$ conda install djangorestframework
